[]cadence.Value{cadence.Array{
	Values: []cadence.Value{
		cadence.Address{
			1,
			207,
			14,
			47,
			47,
			113,
			84,
			80,
		},
		cadence.Address{
			23,
			155,
			107,
			28,
			182,
			117,
			94,
			49,
		},
	},
}}
