[]cadence.Value{cadence.Address{
	1,
	207,
	14,
	47,
	47,
	113,
	84,
	80,
}}
