[]cadence.Value{cadence.Array{
	Values: []cadence.Value{
		cadence.String("foo"),
		cadence.String("bar"),
	},
}}
