&overflow.Solution{
	Transactions: map[string]*overflow.DeclarationInfo{
		"emulatorFoo": &overflow.DeclarationInfo{
			ParameterOrder: []string{
				"test",
			},
			Parameters: map[string]string{"test": "String"},
		},
		"mainnetFoo": &overflow.DeclarationInfo{
			ParameterOrder: []string{"test"},
			Parameters:     map[string]string{"test": "String"},
		},
		"mint_tokens": &overflow.DeclarationInfo{
			ParameterOrder: []string{
				"recipient",
				"amount",
			},
			Parameters: map[string]string{
				"amount":    "UFix64",
				"recipient": "Address",
			},
		},
		"signWithMultipleAccounts": &overflow.DeclarationInfo{
			ParameterOrder: []string{"test"},
			Parameters:     map[string]string{"test": "String"},
		},
		"testnetFoo": &overflow.DeclarationInfo{
			ParameterOrder: []string{"test"},
			Parameters:     map[string]string{"test": "String"},
		},
	},
	Scripts: map[string]*overflow.DeclarationInfo{
		"emulatorFoo": &overflow.DeclarationInfo{
			ParameterOrder: []string{"account"},
			Parameters:     map[string]string{"account": "Address"},
		},
		"mainnetFoo": &overflow.DeclarationInfo{
			ParameterOrder: []string{"account"},
			Parameters:     map[string]string{"account": "Address"},
		},
		"test": &overflow.DeclarationInfo{
			ParameterOrder: []string{"account"},
			Parameters:     map[string]string{"account": "Address"},
		},
		"testnetFoo": &overflow.DeclarationInfo{
			ParameterOrder: []string{"account"},
			Parameters:     map[string]string{"account": "Address"},
		},
	},
	Networks: map[string]*overflow.SolutionNetwork{
		"emulator": &overflow.SolutionNetwork{
			Scripts: map[string]string{
				"block": `// test script to ensure code is running
pub fun main(): UInt64 {
    let height = getCurrentBlock().height
    log(height)
    return height
}`,
				"emulatorFoo": `// test script to ensure code is running
import NonFungibleToken from 0xf8d6e0586b0a20c7

pub fun main(account: Address): String {
    return getAccount(account).address.toString()
}`,
				"mainnetFoo": `// test script to ensure code is running
import NonFungibleToken from 0xf8d6e0586b0a20c7

pub fun main(account: Address): String {
    return getAccount(account).address.toString()
}`,
				"test": `// test script to ensure code is running
import NonFungibleToken from 0xf8d6e0586b0a20c7

pub fun main(account: Address): String {
    return getAccount(account).address.toString()
}`,
				"testnetFoo": `// test script to ensure code is running
import NonFungibleToken from 0xf8d6e0586b0a20c7

pub fun main(account: Address): String {
    return getAccount(account).address.toString()
}`,
				"type": `// test script to ensure code is running
import FlowToken from 0x0ae53cb6e3f42a79

pub fun main(): Type {
	return Type<@FlowToken.Vault>()
}`,
			},
			Transactions: map[string]string{
				"create_nft_collection": `import NonFungibleToken from 0xf8d6e0586b0a20c7

// This transaction creates an empty NFT Collection in the signer's account
transaction {
  prepare(acct: AuthAccount) {
    // store an empty NFT Collection in account storage
    acct.save<@NonFungibleToken.Collection>(<-NonFungibleToken.createEmptyCollection(), to: /storage/NFTCollection)

    // publish a capability to the Collection in storage
    acct.link<&{NonFungibleToken.NFTReceiver}>(/public/NFTReceiver, target: /storage/NFTCollection)

    log("Created a new empty collection and published a reference")
  }
}`,
				"emulatorFoo": `// This transaction creates an empty NFT Collection in the signer's account
transaction(test:String) {
  prepare(acct: AuthAccount) {
    log(acct)
    log(test)

 }
}`,
				"mainnetFoo": `// This transaction creates an empty NFT Collection in the signer's account
transaction(test:String) {
  prepare(acct: AuthAccount) {
    log(acct)
    log(test)

 }
}`,
				"mint_tokens": `import FungibleToken from 0xee82856bf20e2aa6
import FlowToken from 0x0ae53cb6e3f42a79


transaction(recipient: Address, amount: UFix64) {
    let tokenAdmin: &FlowToken.Administrator
    let tokenReceiver: &{FungibleToken.Receiver}

    prepare(signer: AuthAccount) {
        self.tokenAdmin = signer
            .borrow<&FlowToken.Administrator>(from: /storage/flowTokenAdmin)
            ?? panic("Signer is not the token admin")

        self.tokenReceiver = getAccount(recipient)
            .getCapability(/public/flowTokenReceiver)
            .borrow<&{FungibleToken.Receiver}>()
            ?? panic("Unable to borrow receiver reference")
    }

    execute {
        let minter <- self.tokenAdmin.createNewMinter(allowedAmount: amount)
        let mintedVault <- minter.mintTokens(amount: amount)

        self.tokenReceiver.deposit(from: <-mintedVault)

        destroy minter
    }
}`,
				"signWithMultipleAccounts": `// This transaction creates an empty NFT Collection in the signer's account
transaction(test:String) {
  prepare(acct: AuthAccount, account2: AuthAccount) {
    log(acct)
    log(account2)
 }
}`,
				"testnetFoo": `// This transaction creates an empty NFT Collection in the signer's account
transaction(test:String) {
  prepare(acct: AuthAccount) {
    log(acct)
    log(test)

 }
}`,
			},
		},
		"mainnet": &overflow.SolutionNetwork{
			Scripts: map[string]string{
				"block": `// test script to ensure code is running
pub fun main(): UInt64 {
    let height = getCurrentBlock().height
    log(height)
    return height
}`,
				"emulatorFoo": `// test script to ensure code is running
import NonFungibleToken from 0x1d7e57aa55817448

pub fun main(account: Address): String {
    return getAccount(account).address.toString()
}`,
				"mainnetFoo": `// test script to ensure code is running
import NonFungibleToken from 0x1d7e57aa55817448

pub fun main(account: Address): String {
    return getAccount(account).address.toString()
}`,
				"test": `// test script to ensure code is running
import NonFungibleToken from 0x1d7e57aa55817448

pub fun main(account: Address): String {
    return getAccount(account).address.toString()
}`,
				"testnetFoo": `// test script to ensure code is running
import NonFungibleToken from 0x1d7e57aa55817448

pub fun main(account: Address): String {
    return getAccount(account).address.toString()
}`,
				"type": `// test script to ensure code is running
import FlowToken from 0x1654653399040a61

pub fun main(): Type {
	return Type<@FlowToken.Vault>()
}`,
			},
			Transactions: map[string]string{
				"create_nft_collection": `import NonFungibleToken from 0x1d7e57aa55817448

// This transaction creates an empty NFT Collection in the signer's account
transaction {
  prepare(acct: AuthAccount) {
    // store an empty NFT Collection in account storage
    acct.save<@NonFungibleToken.Collection>(<-NonFungibleToken.createEmptyCollection(), to: /storage/NFTCollection)

    // publish a capability to the Collection in storage
    acct.link<&{NonFungibleToken.NFTReceiver}>(/public/NFTReceiver, target: /storage/NFTCollection)

    log("Created a new empty collection and published a reference")
  }
}`,
				"emulatorFoo": `// This transaction creates an empty NFT Collection in the signer's account
transaction(test:String) {
  prepare(acct: AuthAccount) {
    log(acct)
    log(test)

 }
}`,
				"mainnetFoo": `// This transaction creates an empty NFT Collection in the signer's account
transaction(test:String) {
  prepare(acct: AuthAccount) {
    log(acct)
    log(test)

 }
}`,
				"mint_tokens": `import FungibleToken from 0xee82856bf20e2aa6
import FlowToken from 0x0ae53cb6e3f42a79


transaction(recipient: Address, amount: UFix64) {
    let tokenAdmin: &FlowToken.Administrator
    let tokenReceiver: &{FungibleToken.Receiver}

    prepare(signer: AuthAccount) {
        self.tokenAdmin = signer
            .borrow<&FlowToken.Administrator>(from: /storage/flowTokenAdmin)
            ?? panic("Signer is not the token admin")

        self.tokenReceiver = getAccount(recipient)
            .getCapability(/public/flowTokenReceiver)
            .borrow<&{FungibleToken.Receiver}>()
            ?? panic("Unable to borrow receiver reference")
    }

    execute {
        let minter <- self.tokenAdmin.createNewMinter(allowedAmount: amount)
        let mintedVault <- minter.mintTokens(amount: amount)

        self.tokenReceiver.deposit(from: <-mintedVault)

        destroy minter
    }
}`,
				"signWithMultipleAccounts": `// This transaction creates an empty NFT Collection in the signer's account
transaction(test:String) {
  prepare(acct: AuthAccount, account2: AuthAccount) {
    log(acct)
    log(account2)
 }
}`,
				"testnetFoo": `// This transaction creates an empty NFT Collection in the signer's account
transaction(test:String) {
  prepare(acct: AuthAccount) {
    log(acct)
    log(test)

 }
}`,
			},
		},
		"testnet": &overflow.SolutionNetwork{
			Scripts: map[string]string{
				"block": `// test script to ensure code is running
pub fun main(): UInt64 {
    let height = getCurrentBlock().height
    log(height)
    return height
}`,
				"emulatorFoo": `// test script to ensure code is running
import NonFungibleToken from 0x631e88ae7f1d7c20

pub fun main(account: Address): String {
    return getAccount(account).address.toString()
}`,
				"mainnetFoo": `// test script to ensure code is running
import NonFungibleToken from 0x631e88ae7f1d7c20

pub fun main(account: Address): String {
    return getAccount(account).address.toString()
}`,
				"test": `// test script to ensure code is running
import NonFungibleToken from 0x631e88ae7f1d7c20

pub fun main(account: Address): String {
    return getAccount(account).address.toString()
}`,
				"testnetFoo": `// test script to ensure code is running
import NonFungibleToken from 0x631e88ae7f1d7c20

pub fun main(account: Address): String {
    return getAccount(account).address.toString()
}`,
				"type": `// test script to ensure code is running
import FlowToken from 0x7e60df042a9c0868

pub fun main(): Type {
	return Type<@FlowToken.Vault>()
}`,
			},
			Transactions: map[string]string{
				"create_nft_collection": `import NonFungibleToken from 0x631e88ae7f1d7c20

// This transaction creates an empty NFT Collection in the signer's account
transaction {
  prepare(acct: AuthAccount) {
    // store an empty NFT Collection in account storage
    acct.save<@NonFungibleToken.Collection>(<-NonFungibleToken.createEmptyCollection(), to: /storage/NFTCollection)

    // publish a capability to the Collection in storage
    acct.link<&{NonFungibleToken.NFTReceiver}>(/public/NFTReceiver, target: /storage/NFTCollection)

    log("Created a new empty collection and published a reference")
  }
}`,
				"emulatorFoo": `// This transaction creates an empty NFT Collection in the signer's account
transaction(test:String) {
  prepare(acct: AuthAccount) {
    log(acct)
    log(test)

 }
}`,
				"mainnetFoo": `// This transaction creates an empty NFT Collection in the signer's account
transaction(test:String) {
  prepare(acct: AuthAccount) {
    log(acct)
    log(test)

 }
}`,
				"mint_tokens": `import FungibleToken from 0xee82856bf20e2aa6
import FlowToken from 0x0ae53cb6e3f42a79


transaction(recipient: Address, amount: UFix64) {
    let tokenAdmin: &FlowToken.Administrator
    let tokenReceiver: &{FungibleToken.Receiver}

    prepare(signer: AuthAccount) {
        self.tokenAdmin = signer
            .borrow<&FlowToken.Administrator>(from: /storage/flowTokenAdmin)
            ?? panic("Signer is not the token admin")

        self.tokenReceiver = getAccount(recipient)
            .getCapability(/public/flowTokenReceiver)
            .borrow<&{FungibleToken.Receiver}>()
            ?? panic("Unable to borrow receiver reference")
    }

    execute {
        let minter <- self.tokenAdmin.createNewMinter(allowedAmount: amount)
        let mintedVault <- minter.mintTokens(amount: amount)

        self.tokenReceiver.deposit(from: <-mintedVault)

        destroy minter
    }
}`,
				"signWithMultipleAccounts": `// This transaction creates an empty NFT Collection in the signer's account
transaction(test:String) {
  prepare(acct: AuthAccount, account2: AuthAccount) {
    log(acct)
    log(account2)
 }
}`,
				"testnetFoo": `// This transaction creates an empty NFT Collection in the signer's account
transaction(test:String) {
  prepare(acct: AuthAccount) {
    log(acct)
    log(test)

 }
}`,
			},
		},
	},
}
