map[string]map[string]bool{"account": {
	"Debug":            false,
	"MetadataViews":    false,
	"NonFungibleToken": false,
}}
